
> borderland-website@0.0.0 build
> tsc -b && vite build

src/components/admin/HeartsGameSettingsModal.tsx(42,12): error TS6133: 'toast' is declared but its value is never read.
src/components/AdminDashboard.tsx(22,12): error TS6133: 'currentUser' is declared but its value is never read.
src/components/AdminDashboard.tsx(131,12): error TS6133: 'clubsRoundPage' is declared but its value is never read.
src/components/AdminDashboard.tsx(131,28): error TS6133: 'setClubsRoundPage' is declared but its value is never read.
src/components/AdminDashboard.tsx(145,12): error TS6133: 'diamondsGameInitiating' is declared but its value is never read.
src/components/AdminDashboard.tsx(145,36): error TS6133: 'setDiamondsGameInitiating' is declared but its value is never read.
src/components/AdminDashboard.tsx(541,11): error TS6133: 'handleDeleteClubsMessage' is declared but its value is never read.
src/components/AdminDashboard.tsx(556,11): error TS6133: 'handlePurgeAllClubsMessages' is declared but its value is never read.
src/components/AdminDashboard.tsx(614,11): error TS6133: 'handleDeleteHeartsMessage' is declared but its value is never read.
src/components/AdminDashboard.tsx(619,11): error TS6133: 'handlePurgeAllHeartsMessages' is declared but its value is never read.
src/components/AdminDashboard.tsx(2799,55): error TS6133: 'firestoreDocId' is declared but its value is never read.
src/components/GameContainer.tsx(3,1): error TS6133: 'useNavigate' is declared but its value is never read.
src/components/games/DiamondsGame.tsx(66,11): error TS6133: 'lastEngineTickRef' is declared but its value is never read.
src/components/games/SpadesGame.tsx(43,12): error TS6133: 'connectedPlayers' is declared but its value is never read.
src/components/games/SpadesGameMaster.tsx(3,16): error TS6133: 'Users' is declared but its value is never read.
src/components/games/SpadesGameMaster.tsx(285,11): error TS6133: 'handlePhaseExpiry' is declared but its value is never read.
src/components/ui/meteors.tsx(2,1): error TS6133: 'React' is declared but its value is never read.
src/game/diamonds/actions/shuffling.ts(17,11): error TS6133: 'inactive' is declared but its value is never read.
